<html>
<body>
<pre>
<h1>µVision Build Log</h1>
<h2>Project:</h2>
C:\Users\Dennis\Documents\micromouse\Frame.uvproj
Project File Date:  03/04/2015

<h2>Output:</h2>
Rebuild target 'Target 1'
assembling startup_stm32f10x_md.s...
compiling delay.c...
compiling main.c...
compiling usart.c...
compiling sys.c...
compiling init.c...
init.c(13): warning:  #223-D: function "delay_us" declared implicitly
linking...
Program Size: Code=5132 RO-data=268 RW-data=44 ZI-data=1892  
FromELF: creating hex file...
"Frame.axf" - 0 Error(s), 1 Warning(s).
Rebuild target 'Target 1'
assembling startup_stm32f10x_md.s...
compiling delay.c...
compiling main.c...
compiling usart.c...
compiling sys.c...
compiling init.c...
init.c(13): warning:  #223-D: function "delay_us" declared implicitly
linking...
Program Size: Code=5124 RO-data=268 RW-data=44 ZI-data=1892  
FromELF: creating hex file...
"Frame.axf" - 0 Error(s), 1 Warning(s).
