<html>
<body>
<pre>
<h1>µVision Build Log</h1>
<h2>Project:</h2>
C:\Users\Dennis\Documents\micromouse\Frame.uvproj
Project File Date:  12/25/2014

<h2>Output:</h2>
Rebuild target 'Target 1'
assembling startup_stm32f10x_md.s...
compiling delay.c...
compiling init.c...
compiling main.c...
compiling usart.c...
compiling sys.c...
linking...
Program Size: Code=4796 RO-data=268 RW-data=40 ZI-data=1888  
FromELF: creating hex file...
"Frame.axf" - 0 Error(s), 0 Warning(s).
Rebuild target 'Target 1'
assembling startup_stm32f10x_md.s...
compiling delay.c...
compiling init.c...
compiling main.c...
compiling usart.c...
compiling sys.c...
linking...
Program Size: Code=4804 RO-data=268 RW-data=40 ZI-data=1888  
FromELF: creating hex file...
"Frame.axf" - 0 Error(s), 0 Warning(s).
Rebuild target 'Target 1'
assembling startup_stm32f10x_md.s...
compiling delay.c...
compiling init.c...
compiling main.c...
compiling usart.c...
compiling sys.c...
linking...
Program Size: Code=4808 RO-data=268 RW-data=40 ZI-data=1888  
FromELF: creating hex file...
"Frame.axf" - 0 Error(s), 0 Warning(s).
Rebuild target 'Target 1'
assembling startup_stm32f10x_md.s...
compiling delay.c...
compiling init.c...
compiling main.c...
compiling usart.c...
compiling sys.c...
linking...
Program Size: Code=4808 RO-data=268 RW-data=40 ZI-data=1888  
FromELF: creating hex file...
"Frame.axf" - 0 Error(s), 0 Warning(s).
Rebuild target 'Target 1'
assembling startup_stm32f10x_md.s...
compiling delay.c...
compiling init.c...
compiling main.c...
compiling usart.c...
compiling sys.c...
linking...
Program Size: Code=4796 RO-data=268 RW-data=40 ZI-data=1888  
FromELF: creating hex file...
"Frame.axf" - 0 Error(s), 0 Warning(s).
Rebuild target 'Target 1'
assembling startup_stm32f10x_md.s...
compiling delay.c...
compiling init.c...
compiling main.c...
compiling usart.c...
compiling sys.c...
linking...
Program Size: Code=4808 RO-data=268 RW-data=40 ZI-data=1888  
FromELF: creating hex file...
"Frame.axf" - 0 Error(s), 0 Warning(s).
Rebuild target 'Target 1'
assembling startup_stm32f10x_md.s...
compiling delay.c...
compiling init.c...
compiling main.c...
compiling usart.c...
compiling sys.c...
linking...
Program Size: Code=4808 RO-data=268 RW-data=40 ZI-data=1888  
FromELF: creating hex file...
"Frame.axf" - 0 Error(s), 0 Warning(s).
Rebuild target 'Target 1'
assembling startup_stm32f10x_md.s...
compiling delay.c...
compiling init.c...
compiling main.c...
compiling usart.c...
compiling sys.c...
linking...
Program Size: Code=4812 RO-data=268 RW-data=40 ZI-data=1888  
FromELF: creating hex file...
"Frame.axf" - 0 Error(s), 0 Warning(s).
