<html>
<body>
<pre>
<h1>µVision Build Log</h1>
<h2>Project:</h2>
C:\Users\Dennis\Documents\SEDS-DAS\DAS-CMSIS\Project\RVMDK\stm32_gpio.uvproj
Project File Date:  04/06/2015

<h2>Output:</h2>
Rebuild target 'SEDS_DAS'
compiling main.c...
..\main.c(276): warning:  #177-D: variable "TIM_ICInitStructure1" was declared but never referenced
        TIM_ICInitTypeDef  TIM_ICInitStructure1;
..\main.c(443): warning:  #9-D: nested comment is not allowed
  /**
..\main.c(453): warning:  #1-D: last line of file ends without a newline
  }*/
..\main.c: 3 warnings, 0 errors
compiling stm32f10x_it.c...
compiling usart.c...
compiling misc.c...
compiling stm32f10x_gpio.c...
compiling stm32f10x_rcc.c...
compiling stm32f10x_adc.c...
compiling stm32f10x_dma.c...
compiling stm32f10x_tim.c...
compiling stm32f10x_usart.c...
compiling core_cm3.c...
compiling system_stm32f10x.c...
assembling startup_stm32f10x_md.s...
linking...
Program Size: Code=11488 RO-data=268 RW-data=76 ZI-data=1684  
FromELF: creating hex file...
".\Obj\stm32_gpio.axf" - 0 Error(s), 3 Warning(s).
